,0
0,0.04281145833333334
1,0.0272171875
2,0.017223958333333334
3,0.010825
4,0.007015104166666667
5,0.0045036458333333335
6,0.00285625
7,0.001790625
8,0.00113125
9,0.000715625
10,0.0004927083333333333
11,0.0002895833333333333
12,0.00019114583333333334
13,0.00010833333333333333
14,7.395833333333333e-05
15,4.5833333333333334e-05
16,2.5520833333333335e-05
17,1.1979166666666667e-05
18,1.09375e-05
19,6.770833333333333e-06
20,6.770833333333333e-06
