,0
0,0.042806770833333334
1,0.026959895833333334
2,0.017127604166666668
3,0.010822916666666666
4,0.006990104166666667
5,0.004433333333333333
6,0.0028197916666666666
7,0.001815625
8,0.0010973958333333333
9,0.0007119791666666666
10,0.0004515625
11,0.00029427083333333334
12,0.00018802083333333333
13,0.0001125
14,6.354166666666666e-05
15,4.1666666666666665e-05
16,3.125e-05
17,1.40625e-05
18,1.3541666666666666e-05
19,4.166666666666667e-06
20,4.166666666666667e-06
